[36mvite v8.0.7 [32mbuilding client environment for production...[36m[39m
[2Ktransforming...✓ 3218 modules transformed.
